// Jest Snapshot v1, https://goo.gl/fbAQLP

exports[`<Profile /> should render the heading 1`] = `
<div
  class=""
>
  <h1>
    Profile
  </h1>
</div>
`
