// Jest Snapshot v1, https://goo.gl/fbAQLP

exports[`<Cart /> should render the heading 1`] = `
<div
  class=""
>
  <h1>
    Cart
  </h1>
</div>
`
